// Jest Snapshot v1, https://goo.gl/fbAQLP

exports[`Payment Details should render without crashing 1`] = `
.c3 {
  padding: 0.35em 0.55em;
  border-radius: 0.4em;
  background-color: #e3f2fd;
  border: 1px solid rgba(0,0,0,0.05);
  line-height: 1;
}

.c2 {
  display: block;
  font-size: 1.2rem;
  color: #aaa;
}

.c0 {
  padding: 0.5rem;
  display: grid;
  grid-template-columns: 1fr 1fr;
}

.c0 .c1 + span {
  font-size: 2rem;
  display: block;
  margin-bottom: 1.5rem;
}

<div>
  <div
    class="c0"
  >
    <div>
      <label
        class="c1 c2"
      >
        label.customer
      </label>
      <span>
        Émile Zola
      </span>
    </div>
    <div>
      <label
        class="c1 c2"
      >
        label.merchant
      </label>
      <span>
        Super Merchant
      </span>
    </div>
    <div>
      <label
        class="c1 c2"
      >
        label.amount
      </label>
      <span>
        356050
         €
      </span>
    </div>
    <div>
      <label
        class="c1 c2"
      >
        label.created
      </label>
      <span>
        Mon Apr 04 2022 00:00:00 GMT+0200 (Central European Summer Time)
      </span>
    </div>
    <div>
      <label
        class="c1 c2"
      >
        label.status
      </label>
      <span>
        <span
          class="c3"
          type="info"
        >
          status.ready
        </span>
      </span>
    </div>
  </div>
</div>
`;
