// Jest Snapshot v1, https://goo.gl/fbAQLP

exports[`PageHeader should render without crashing 1`] = `
.c0 {
  display: -webkit-box;
  display: -webkit-flex;
  display: -ms-flexbox;
  display: flex;
  -webkit-flex-direction: row;
  -ms-flex-direction: row;
  flex-direction: row;
  -webkit-align-items: center;
  -webkit-box-align: center;
  -ms-flex-align: center;
  align-items: center;
  -webkit-box-pack: justify;
  -webkit-justify-content: space-between;
  -ms-flex-pack: justify;
  justify-content: space-between;
  border-bottom: 1px solid rgba(0,0,0,0.2);
  padding: 0 0.5rem;
  margin-bottom: 1.5rem;
}

.c2 {
  font-size: 1.2rem;
  padding: 0.5rem;
  border: 1px solid #ccc;
  border-radius: 0.25rem;
  width: 100%;
}

.c1 {
  margin-top: 1rem;
  margin-bottom: 1rem;
}

<div>
  <header
    class="c0"
  >
    <h2
      class="c1"
    >
      Test
    </h2>
    <div
      class=""
    >
      <select
        class="c2"
      >
        <option
          value="en"
        >
          ðŸ‡¬ðŸ‡§
        </option>
        <option
          value="fr"
        >
          ðŸ‡«ðŸ‡·
        </option>
      </select>
    </div>
  </header>
</div>
`;
